// Jest Snapshot v1, https://goo.gl/fbAQLP

exports[`ColorFace can get hex and RGBA color values 1`] = `"333333"`;

exports[`ColorFace can get hex and RGBA color values 2`] = `
Object {
  "a": 1,
  "b": 51,
  "g": 51,
  "r": 51,
}
`;
