// Jest Snapshot v1, https://goo.gl/fbAQLP

exports[`Editor can import and export world 1`] = `"[{\\"position\\":{\\"x\\":0,\\"y\\":0,\\"z\\":0},\\"dimension\\":50,\\"mesh\\":\\"{\\\\\\"front\\\\\\":\\\\\\"image(data:image/gif;base64,R0lGODlhAQABAIAAAAAAAP///yH5BAEAAAAALAAAAAABAAEAAAIBRAA7)\\\\\\",\\\\\\"back\\\\\\":\\\\\\"image(data:image/gif;base64,R0lGODlhAQABAIAAAAAAAP///yH5BAEAAAAALAAAAAABAAEAAAIBRAA7)\\\\\\",\\\\\\"left\\\\\\":\\\\\\"image(data:image/gif;base64,R0lGODlhAQABAIAAAAAAAP///yH5BAEAAAAALAAAAAABAAEAAAIBRAA7)\\\\\\",\\\\\\"right\\\\\\":\\\\\\"image(data:image/gif;base64,R0lGODlhAQABAIAAAAAAAP///yH5BAEAAAAALAAAAAABAAEAAAIBRAA7)\\\\\\",\\\\\\"top\\\\\\":\\\\\\"image(data:image/gif;base64,R0lGODlhAQABAIAAAAAAAP///yH5BAEAAAAALAAAAAABAAEAAAIBRAA7)\\\\\\",\\\\\\"bottom\\\\\\":\\\\\\"image(data:image/gif;base64,R0lGODlhAQABAIAAAAAAAP///yH5BAEAAAAALAAAAAABAAEAAAIBRAA7)\\\\\\"}\\"},{\\"position\\":{\\"x\\":0,\\"y\\":0,\\"z\\":0},\\"dimension\\":50,\\"mesh\\":\\"{\\\\\\"front\\\\\\":\\\\\\"image(data:image/gif;base64,R0lGODlhAQABAIAAAAAAAP///yH5BAEAAAAALAAAAAABAAEAAAIBRAA7)\\\\\\",\\\\\\"back\\\\\\":\\\\\\"image(data:image/gif;base64,R0lGODlhAQABAIAAAAAAAP///yH5BAEAAAAALAAAAAABAAEAAAIBRAA7)\\\\\\",\\\\\\"left\\\\\\":\\\\\\"image(data:image/gif;base64,R0lGODlhAQABAIAAAAAAAP///yH5BAEAAAAALAAAAAABAAEAAAIBRAA7)\\\\\\",\\\\\\"right\\\\\\":\\\\\\"image(data:image/gif;base64,R0lGODlhAQABAIAAAAAAAP///yH5BAEAAAAALAAAAAABAAEAAAIBRAA7)\\\\\\",\\\\\\"top\\\\\\":\\\\\\"image(data:image/gif;base64,R0lGODlhAQABAIAAAAAAAP///yH5BAEAAAAALAAAAAABAAEAAAIBRAA7)\\\\\\",\\\\\\"bottom\\\\\\":\\\\\\"image(data:image/gif;base64,R0lGODlhAQABAIAAAAAAAP///yH5BAEAAAAALAAAAAABAAEAAAIBRAA7)\\\\\\"}\\"},{\\"position\\":{\\"x\\":0,\\"y\\":0,\\"z\\":0},\\"dimension\\":50,\\"mesh\\":\\"{\\\\\\"front\\\\\\":\\\\\\"image(data:image/gif;base64,R0lGODlhAQABAIAAAAAAAP///yH5BAEAAAAALAAAAAABAAEAAAIBRAA7)\\\\\\",\\\\\\"back\\\\\\":\\\\\\"image(data:image/gif;base64,R0lGODlhAQABAIAAAAAAAP///yH5BAEAAAAALAAAAAABAAEAAAIBRAA7)\\\\\\",\\\\\\"left\\\\\\":\\\\\\"image(data:image/gif;base64,R0lGODlhAQABAIAAAAAAAP///yH5BAEAAAAALAAAAAABAAEAAAIBRAA7)\\\\\\",\\\\\\"right\\\\\\":\\\\\\"image(data:image/gif;base64,R0lGODlhAQABAIAAAAAAAP///yH5BAEAAAAALAAAAAABAAEAAAIBRAA7)\\\\\\",\\\\\\"top\\\\\\":\\\\\\"image(data:image/gif;base64,R0lGODlhAQABAIAAAAAAAP///yH5BAEAAAAALAAAAAABAAEAAAIBRAA7)\\\\\\",\\\\\\"bottom\\\\\\":\\\\\\"image(data:image/gif;base64,R0lGODlhAQABAIAAAAAAAP///yH5BAEAAAAALAAAAAABAAEAAAIBRAA7)\\\\\\"}\\"}]"`;

exports[`Editor can throw an error if instantiated without a world instance 1`] = `undefined`;
